16d18f40250e7748924ff533a80cf725a2f1dd35
